// Jest Snapshot v1, https://goo.gl/fbAQLP

exports[`Local i18n should match expected snapshot 1`] = `
<DocumentFragment>
  <p>
    Bonjour le monde
  </p>
</DocumentFragment>
`;
